[watch] MIT-562 仍在运行（status=unknown，已等待 20s）...
[watch] MIT-562 仍在运行（status=unknown，已等待 40s）...
[watch] MIT-562 仍在运行（status=unknown，已等待 60s）...
[watch] MIT-562 仍在运行（status=unknown，已等待 80s）...
[watch] MIT-562 仍在运行（status=unknown，已等待 100s）...
[watch] MIT-562 仍在运行（status=dispatched，已等待 120s）...
[watch] MIT-562 仍在运行（status=running，已等待 140s）...
[watch] MIT-562 仍在运行（status=running，已等待 160s）...
[watch] MIT-562 仍在运行（status=running，已等待 180s）...
[watch] MIT-562 仍在运行（status=running，已等待 200s）...
[watch] MIT-562 仍在运行（status=running，已等待 220s）...
[watch] MIT-562 仍在运行（status=running，已等待 240s）...
[watch] MIT-562 仍在运行（status=running，已等待 260s）...
[watch] MIT-562 仍在运行（status=running，已等待 280s）...
[watch] MIT-562 仍在运行（status=running，已等待 300s）...
[watch] MIT-562 仍在运行（status=running，已等待 320s）...
[watch] MIT-562 仍在运行（status=running，已等待 340s）...
[watch] MIT-562 仍在运行（status=running，已等待 360s）...
[watch] MIT-562 仍在运行（status=running，已等待 380s）...
[watch] MIT-562 仍在运行（status=running，已等待 400s）...
[watch] MIT-562 仍在运行（status=running，已等待 420s）...
[watch] MIT-562 仍在运行（status=running，已等待 440s）...
[watch] MIT-562 仍在运行（status=running，已等待 460s）...
[watch] MIT-562 仍在运行（status=running，已等待 480s）...
[watch] MIT-562 仍在运行（status=running，已等待 500s）...
[watch] MIT-562 仍在运行（status=running，已等待 520s）...
[watch] MIT-562 仍在运行（status=running，已等待 540s）...
[watch] MIT-562 仍在运行（status=running，已等待 560s）...
[watch] MIT-562 仍在运行（status=running，已等待 580s）...
[watch] MIT-562 仍在运行（status=running，已等待 600s）...
[watch] MIT-562 仍在运行（status=running，已等待 620s）...
[watch] MIT-562 仍在运行（status=running，已等待 640s）...
[watch] MIT-562 仍在运行（status=running，已等待 660s）...
[watch] MIT-562 仍在运行（status=running，已等待 680s）...
[watch] MIT-562 仍在运行（status=running，已等待 700s）...
[watch] MIT-562 仍在运行（status=running，已等待 720s）...
[watch] MIT-562 仍在运行（status=running，已等待 740s）...
[watch] MIT-562 仍在运行（status=running，已等待 760s）...
[watch] MIT-562 仍在运行（status=running，已等待 780s）...
[watch] MIT-562 仍在运行（status=running，已等待 800s）...
[watch] MIT-562 仍在运行（status=running，已等待 820s）...
[watch] MIT-562 仍在运行（status=running，已等待 840s）...
[watch] MIT-562 仍在运行（status=running，已等待 860s）...
[watch] MIT-562 仍在运行（status=running，已等待 880s）...
[watch] MIT-562 仍在运行（status=running，已等待 900s）...
[watch] MIT-562 仍在运行（status=running，已等待 920s）...
[watch] MIT-562 仍在运行（status=running，已等待 940s）...
[watch] MIT-562 仍在运行（status=running，已等待 960s）...
[watch] MIT-562 仍在运行（status=running，已等待 980s）...
[watch] MIT-562 仍在运行（status=running，已等待 1000s）...
[watch] run 已完成，进入验收：python multica_qa_loop.py fetch MIT-562
{'issue': 'MIT-562', 'run_status': 'completed', 'completed_at': '2026-09-20T17:34:03Z', 'error': None}
